// Jest Snapshot v1, https://goo.gl/fbAQLP

exports[`FloatInput renders correctly 1`] = `
<View
  style={
    [
      {
        "alignItems": "center",
        "backgroundColor": "#fff",
        "borderRadius": 8,
        "flexDirection": "row",
        "height": 55,
        "paddingHorizontal": 16,
      },
      undefined,
    ]
  }
>
  <View
    style={
      {
        "flex": 1,
        "justifyContent": "center",
      }
    }
  >
    <TextInput
      keyboardType="numeric"
      onChangeText={[Function]}
      placeholder="0.00"
      placeholderTextColor="#888"
      style={
        {
          "flex": 1,
          "fontSize": 16,
          "paddingBottom": 0,
          "paddingTop": 0,
          "textAlign": "left",
        }
      }
      testID="float-input"
      value="10"
    />
  </View>
</View>
`;
