// Jest Snapshot v1, https://goo.gl/fbAQLP

exports[`LoginScreen should render snapshot 1`] = `
<RNCSafeAreaProvider
  onInsetsChange={[Function]}
  style={
    [
      {
        "flex": 1,
      },
      undefined,
    ]
  }
>
  <RNCSafeAreaView
    edges={
      {
        "bottom": "additive",
        "left": "additive",
        "right": "additive",
        "top": "additive",
      }
    }
    style={
      {
        "flex": 1,
      }
    }
  >
    <RNCSafeAreaView
      edges={
        {
          "bottom": "additive",
          "left": "additive",
          "right": "additive",
          "top": "additive",
        }
      }
      style={
        [
          {
            "backgroundColor": "hsl(0 0% 94%)",
            "flex": 1,
            "padding": 8,
          },
          undefined,
        ]
      }
    >
      <View
        style={
          {
            "flex": 1,
            "gap": 20,
            "padding": 8,
          }
        }
      >
        <Text
          style={
            [
              {
                "fontSize": 56,
                "fontWeight": "300",
                "lineHeight": 64,
              },
              {
                "marginBottom": 32,
                "marginTop": 32,
                "textAlign": "center",
              },
            ]
          }
        >
          Bienvenue !
        </Text>
        <Text
          style={
            [
              {
                "fontSize": 28,
                "fontWeight": "400",
                "lineHeight": 36,
              },
            ]
          }
        >
          Connectez-vous ou créez un compte
        </Text>
        <Text
          style={
            [
              {
                "fontSize": 16,
                "fontWeight": "400",
                "lineHeight": 24,
              },
            ]
          }
        >
          Saisissez votre adresse e-mail ci-dessous. Si vous n'avez pas encore de compte, nous en créerons automatiquement un pour vous lors de votre première connexion !
        </Text>
        <View
          style={
            [
              {
                "alignItems": "center",
                "backgroundColor": "#fff",
                "borderRadius": 8,
                "flexDirection": "row",
                "height": 55,
                "paddingHorizontal": 16,
              },
              undefined,
            ]
          }
        >
          <View
            style={
              {
                "flex": 1,
                "justifyContent": "center",
              }
            }
          >
            <TextInput
              autoCapitalize="none"
              autoComplete="email"
              autoCorrect={false}
              keyboardType="email-address"
              onChangeText={[Function]}
              placeholder="E-mail"
              placeholderTextColor="#888"
              style={
                {
                  "flex": 1,
                  "fontSize": 16,
                  "paddingBottom": 0,
                  "paddingTop": 0,
                  "textAlign": "left",
                }
              }
              value=""
            />
          </View>
        </View>
        <View
          accessibilityLabel="Connexion"
          accessibilityRole="button"
          accessibilityState={
            {
              "busy": undefined,
              "checked": undefined,
              "disabled": undefined,
              "expanded": undefined,
              "selected": undefined,
            }
          }
          accessibilityValue={
            {
              "max": undefined,
              "min": undefined,
              "now": undefined,
              "text": undefined,
            }
          }
          accessible={true}
          collapsable={false}
          focusable={true}
          onBlur={[Function]}
          onClick={[Function]}
          onFocus={[Function]}
          onResponderGrant={[Function]}
          onResponderMove={[Function]}
          onResponderRelease={[Function]}
          onResponderTerminate={[Function]}
          onResponderTerminationRequest={[Function]}
          onStartShouldSetResponder={[Function]}
          style={
            [
              [
                {
                  "alignItems": "center",
                  "borderRadius": 40,
                  "height": 40,
                  "justifyContent": "center",
                  "paddingHorizontal": 16,
                },
                {
                  "backgroundColor": "white",
                },
                undefined,
              ],
              {
                "overflow": "hidden",
              },
            ]
          }
        >
          <Text
            style={
              [
                {
                  "fontSize": 16,
                  "fontWeight": "400",
                  "lineHeight": 24,
                },
                {
                  "color": "hsl(200 40% 50%)",
                },
              ]
            }
          >
            Se connecter ou créer un compte
          </Text>
        </View>
      </View>
    </RNCSafeAreaView>
  </RNCSafeAreaView>
</RNCSafeAreaProvider>
`;
