// Jest Snapshot v1, https://goo.gl/fbAQLP

exports[`AmountSplit AmountSplitInput renders correctly 1`] = `
<View
  style={
    {
      "backgroundColor": "white",
      "borderRadius": 4,
      "flex": 1,
      "gap": 8,
      "padding": 12,
    }
  }
>
  <Text
    style={
      [
        {
          "fontSize": 16,
          "fontWeight": "400",
          "lineHeight": 24,
        },
        {
          "color": "hsl(0, 100%, 30%)",
        },
      ]
    }
  >
    Not implemented
  </Text>
</View>
`;
