// Jest Snapshot v1, https://goo.gl/fbAQLP

exports[`AmountSplit AmountSplitInput renders correctly 1`] = `
<View
  style={
    [
      {
        "gap": 1,
      },
      undefined,
    ]
  }
>
  <View
    style={
      [
        {
          "alignItems": "center",
          "backgroundColor": "#fff",
          "borderRadius": 8,
          "flexDirection": "row",
          "height": 55,
          "paddingHorizontal": 16,
        },
        {
          "alignItems": "center",
          "backgroundColor": "white",
          "borderBottomLeftRadius": 0,
          "borderBottomRightRadius": 0,
          "borderTopLeftRadius": 8,
          "borderTopRightRadius": 8,
          "flexDirection": "row",
          "height": 55,
          "padding": 0,
          "paddingHorizontal": 16,
        },
      ]
    }
  >
    <Text
      style={
        [
          {
            "fontSize": 16,
            "fontWeight": "400",
            "lineHeight": 24,
          },
        ]
      }
    >
      alice
    </Text>
    <View
      style={
        {
          "flex": 1,
          "justifyContent": "center",
        }
      }
    >
      <TextInput
        accessibilityLabel="alice"
        keyboardType="numeric"
        onChangeText={[Function]}
        placeholder="0.00"
        placeholderTextColor="#888"
        style={
          {
            "flex": 1,
            "fontSize": 16,
            "paddingBottom": 0,
            "paddingTop": 0,
            "textAlign": "right",
          }
        }
        testID="amount-input-alice"
        value="10"
      />
    </View>
    <View
      style={
        {
          "marginLeft": 2,
        }
      }
    >
      <View
        accessibilityState={
          {
            "busy": undefined,
            "checked": undefined,
            "disabled": undefined,
            "expanded": undefined,
            "selected": undefined,
          }
        }
        accessibilityValue={
          {
            "max": undefined,
            "min": undefined,
            "now": undefined,
            "text": undefined,
          }
        }
        accessible={true}
        collapsable={false}
        focusable={true}
        onBlur={[Function]}
        onClick={[Function]}
        onFocus={[Function]}
        onResponderGrant={[Function]}
        onResponderMove={[Function]}
        onResponderRelease={[Function]}
        onResponderTerminate={[Function]}
        onResponderTerminationRequest={[Function]}
        onStartShouldSetResponder={[Function]}
        testID="reset-amount-alice"
      >
        <Text
          allowFontScaling={false}
          selectable={false}
          style={
            [
              {
                "color": "black",
                "fontSize": 18,
              },
              undefined,
              {
                "fontFamily": "material",
                "fontStyle": "normal",
                "fontWeight": "normal",
              },
              {},
            ]
          }
        >
          Óóç
        </Text>
      </View>
    </View>
  </View>
  <View
    style={
      [
        {
          "alignItems": "center",
          "backgroundColor": "#fff",
          "borderRadius": 8,
          "flexDirection": "row",
          "height": 55,
          "paddingHorizontal": 16,
        },
        {
          "alignItems": "center",
          "backgroundColor": "white",
          "borderBottomLeftRadius": 0,
          "borderBottomRightRadius": 0,
          "borderTopLeftRadius": 0,
          "borderTopRightRadius": 0,
          "flexDirection": "row",
          "height": 55,
          "padding": 0,
          "paddingHorizontal": 16,
        },
      ]
    }
  >
    <Text
      style={
        [
          {
            "fontSize": 16,
            "fontWeight": "400",
            "lineHeight": 24,
          },
        ]
      }
    >
      bob
    </Text>
    <View
      style={
        {
          "flex": 1,
          "justifyContent": "center",
        }
      }
    >
      <TextInput
        accessibilityLabel="bob"
        keyboardType="numeric"
        onChangeText={[Function]}
        placeholder="0.00"
        placeholderTextColor="#888"
        style={
          {
            "flex": 1,
            "fontSize": 16,
            "paddingBottom": 0,
            "paddingTop": 0,
            "textAlign": "right",
          }
        }
        testID="amount-input-bob"
        value="0"
      />
    </View>
  </View>
  <View
    style={
      [
        {
          "alignItems": "center",
          "backgroundColor": "#fff",
          "borderRadius": 8,
          "flexDirection": "row",
          "height": 55,
          "paddingHorizontal": 16,
        },
        {
          "alignItems": "center",
          "backgroundColor": "white",
          "borderBottomLeftRadius": 8,
          "borderBottomRightRadius": 8,
          "borderTopLeftRadius": 0,
          "borderTopRightRadius": 0,
          "flexDirection": "row",
          "height": 55,
          "padding": 0,
          "paddingHorizontal": 16,
        },
      ]
    }
  >
    <Text
      style={
        [
          {
            "fontSize": 16,
            "fontWeight": "400",
            "lineHeight": 24,
          },
        ]
      }
    >
      charlie
    </Text>
    <View
      style={
        {
          "flex": 1,
          "justifyContent": "center",
        }
      }
    >
      <TextInput
        accessibilityLabel="charlie"
        keyboardType="numeric"
        onChangeText={[Function]}
        placeholder="0.00"
        placeholderTextColor="#888"
        style={
          {
            "flex": 1,
            "fontSize": 16,
            "paddingBottom": 0,
            "paddingTop": 0,
            "textAlign": "right",
          }
        }
        testID="amount-input-charlie"
        value="0"
      />
    </View>
  </View>
</View>
`;
