// Jest Snapshot v1, https://goo.gl/fbAQLP

exports[`Label renders correctly 1`] = `
<Text
  style={
    [
      {
        "fontSize": 16,
        "fontWeight": "400",
        "lineHeight": 24,
      },
      {
        "marginBottom": 4,
      },
    ]
  }
>
  Test Label
</Text>
`;
