// Jest Snapshot v1, https://goo.gl/fbAQLP

exports[`TextInput renders correctly 1`] = `
<TextInput
  placeholder="Enter text"
  placeholderTextColor="#666"
  style={
    [
      {
        "backgroundColor": "#fff",
        "borderColor": "hsl(0 0% 70%)",
        "borderRadius": 4,
        "borderWidth": 1,
        "height": 45,
        "padding": 10,
      },
      undefined,
    ]
  }
/>
`;
