// Jest Snapshot v1, https://goo.gl/fbAQLP

exports[`GroupsScreen should render snapshot 1`] = `
<RNCSafeAreaProvider
  onInsetsChange={[Function]}
  style={
    [
      {
        "flex": 1,
      },
      undefined,
    ]
  }
>
  <RNCSafeAreaView
    edges={
      {
        "bottom": "additive",
        "left": "additive",
        "right": "additive",
        "top": "additive",
      }
    }
    style={
      {
        "flex": 1,
      }
    }
  >
    <RNCSafeAreaView
      edges={
        {
          "bottom": "additive",
          "left": "additive",
          "right": "additive",
          "top": "additive",
        }
      }
      style={
        [
          {
            "backgroundColor": "hsl(0 0% 94%)",
            "flex": 1,
            "padding": 8,
          },
          undefined,
        ]
      }
    >
      <Text
        style={
          [
            {
              "fontSize": 32,
              "fontWeight": "400",
              "lineHeight": 38,
            },
            {
              "marginBottom": 16,
              "marginTop": 16,
            },
          ]
        }
      >
        Splitzy Dev
      </Text>
      <RCTScrollView
        ListEmptyComponent={
          <Text
            style={
              {
                "marginVertical": 64,
                "textAlign": "center",
              }
            }
          >
            No groups found. Create one by using the '+' button!
          </Text>
        }
        contentContainerStyle={
          {
            "gap": 8,
          }
        }
        data={[]}
        getItem={[Function]}
        getItemCount={[Function]}
        keyExtractor={[Function]}
        onContentSizeChange={[Function]}
        onLayout={[Function]}
        onMomentumScrollBegin={[Function]}
        onMomentumScrollEnd={[Function]}
        onRefresh={[Function]}
        onScroll={[Function]}
        onScrollBeginDrag={[Function]}
        onScrollEndDrag={[Function]}
        refreshControl={
          <RefreshControlMock
            onRefresh={[Function]}
            refreshing={false}
          />
        }
        refreshing={false}
        removeClippedSubviews={false}
        renderItem={[Function]}
        scrollEventThrottle={0.0001}
        showsVerticalScrollIndicator={false}
        stickyHeaderIndices={[]}
        testID="groups-flat-list"
        viewabilityConfigCallbackPairs={[]}
      >
        <RCTRefreshControl />
        <View>
          <Text
            onLayout={[Function]}
            style={
              [
                {
                  "fontSize": 16,
                  "fontWeight": "400",
                  "lineHeight": 24,
                },
                {
                  "marginVertical": 64,
                  "textAlign": "center",
                },
              ]
            }
          >
            No groups found. Create one by using the '+' button!
          </Text>
        </View>
      </RCTScrollView>
      <View
        style={
          {
            "bottom": 20,
            "position": "absolute",
            "right": 8,
            "zIndex": 100,
          }
        }
      >
        <View
          accessibilityState={
            {
              "busy": undefined,
              "checked": undefined,
              "disabled": undefined,
              "expanded": undefined,
              "selected": undefined,
            }
          }
          accessibilityValue={
            {
              "max": undefined,
              "min": undefined,
              "now": undefined,
              "text": undefined,
            }
          }
          accessible={true}
          collapsable={false}
          focusable={true}
          onBlur={[Function]}
          onClick={[Function]}
          onFocus={[Function]}
          onResponderGrant={[Function]}
          onResponderMove={[Function]}
          onResponderRelease={[Function]}
          onResponderTerminate={[Function]}
          onResponderTerminationRequest={[Function]}
          onStartShouldSetResponder={[Function]}
          style={
            [
              {
                "backgroundColor": "hsl(200 40% 50%)",
                "borderRadius": 16,
                "elevation": 2,
                "padding": 16,
                "shadowColor": "black",
              },
              {
                "overflow": "hidden",
              },
            ]
          }
          testID="fab-button"
        >
          <Text
            allowFontScaling={false}
            selectable={false}
            style={
              [
                {
                  "color": "white",
                  "fontSize": 24,
                },
                undefined,
                {
                  "fontFamily": "ionicons",
                  "fontStyle": "normal",
                  "fontWeight": "normal",
                },
                {},
              ]
            }
          >
            î¨ˆ
          </Text>
        </View>
      </View>
    </RNCSafeAreaView>
  </RNCSafeAreaView>
</RNCSafeAreaProvider>
`;
